// Jest Snapshot v1, https://goo.gl/fbAQLP

exports[`renders correctly 1`] = `
<div
  className="calculator"
>
  <h1
    className="calTitle"
  >
    Let's do some math!
  </h1>
  <div
    className="container"
  >
    <div
      className="result"
    >
      0
    </div>
    <button
      className="key sign AC"
      onClick={[Function]}
      type="button"
    >
      AC
    </button>
    <button
      className="key sign"
      onClick={[Function]}
      type="button"
    >
      +/-
    </button>
    <button
      className="key sign"
      onClick={[Function]}
      type="button"
    >
      %
    </button>
    <button
      className="key sign"
      onClick={[Function]}
      type="button"
    >
      รท
    </button>
    <button
      className="key"
      onClick={[Function]}
      type="button"
    >
      7
    </button>
    <button
      className="key"
      onClick={[Function]}
      type="button"
    >
      8
    </button>
    <button
      className="key"
      onClick={[Function]}
      type="button"
    >
      9
    </button>
    <button
      className="key sign"
      onClick={[Function]}
      type="button"
    >
      x
    </button>
    <button
      className="key"
      onClick={[Function]}
      type="button"
    >
      4
    </button>
    <button
      className="key"
      onClick={[Function]}
      type="button"
    >
      5
    </button>
    <button
      className="key"
      onClick={[Function]}
      type="button"
    >
      6
    </button>
    <button
      className="key sign"
      onClick={[Function]}
      type="button"
    >
      -
    </button>
    <button
      className="key"
      onClick={[Function]}
      type="button"
    >
      1
    </button>
    <button
      className="key"
      onClick={[Function]}
      type="button"
    >
      2
    </button>
    <button
      className="key"
      onClick={[Function]}
      type="button"
    >
      3
    </button>
    <button
      className="key sign"
      onClick={[Function]}
      type="button"
    >
      +
    </button>
    <button
      className="key zero"
      onClick={[Function]}
      type="button"
    >
      0
    </button>
    <button
      className="key"
      onClick={[Function]}
      type="button"
    >
      .
    </button>
    <button
      className="key yellow"
      onClick={[Function]}
      type="button"
    >
      =
    </button>
  </div>
</div>
`;
